// Jest Snapshot v1, https://goo.gl/fbAQLP

exports[`Contact renders correctly according to snapshot. 1`] = `
<div
  className="flex justify-center p-2.5"
>
  <div
    className="mx-2  mt-5  w-[32rem]  min-w-[18.85rem]  rounded-md bg-white "
    id="contact"
  >
    <h1
      className="m-5  flex  justify-center  text-2xl"
    >
      Contact Us...
    </h1>
    <div
      className="m-5  rounded-md bg-neutral-300  p-5"
    >
      <div
        data-netlify="true"
        method="post"
        name="contact"
      >
        <input
          name="form-name"
          type="hidden"
          value="contact"
        />
        <label>
          <div
            hidden={true}
          >
            name
          </div>
          <div>
            <input
              className="my-2  block  w-full  rounded-md  p-2"
              name="name"
              placeholder="Full Name"
              required={true}
              type="text"
            />
          </div>
        </label>
        <label>
          <div
            hidden={true}
          >
            email
          </div>
          <div
            className="my-3"
          >
            <input
              className="my-2  block  w-full  rounded-md  p-2"
              name="email"
              placeholder="Email"
              required={true}
              type="email"
            />
          </div>
        </label>
        <label>
          <div
            className="my-4 block w-full"
          >
            <textarea
              className="my-2  h-[10rem]  w-full  resize-none  rounded-md  p-2"
              name="message"
              placeholder="..."
              required={true}
              type="text"
            />
          </div>
        </label>
        <button
          className="shadow-grey  mb-2  ml-2  mt-4  block h-[2rem]  w-[7rem]  rounded-md  bg-white  text-xl  shadow hover:translate-y-0.5 hover:origin-bottom  hover:shadow-none"
          type="submit"
        >
          Send
        </button>
      </div>
    </div>
  </div>
</div>
`;
