// Jest Snapshot v1, https://goo.gl/fbAQLP

exports[`Header renders correctly according to snapshot 1`] = `
<div
  className="flex justify-center"
>
  <div
    className="mx-5 my-5 w-[50rem]"
  >
    <a
      href="/"
    >
      <img
        alt="bendjs logo"
        className="w-[8rem] rounded-lg"
        data-nimg="1"
        decoding="async"
        height={40}
        loading="lazy"
        onError={[Function]}
        onLoad={[Function]}
        src="/_next/image?url=%2Fimg.jpg&w=96&q=75"
        srcSet="/_next/image?url=%2Fimg.jpg&w=48&q=75 1x, /_next/image?url=%2Fimg.jpg&w=96&q=75 2x"
        style={
          {
            "color": "transparent",
          }
        }
        width={40}
      />
    </a>
  </div>
</div>
`;
